c:\users\user\source\repos\cg\hw1\hw1\x64\debug\vc145.pdb
c:\users\user\source\repos\cg\hw1\hw1\x64\debug\vc145.idb
c:\users\user\source\repos\cg\hw1\hw1\x64\debug\main.obj
c:\users\user\source\repos\cg\hw1\hw1\x64\debug\hw1.ilk
c:\users\user\source\repos\cg\hw1\x64\debug\hw1.pdb
c:\users\user\source\repos\cg\hw1\hw1\x64\debug\hw1.tlog\cl.command.1.tlog
c:\users\user\source\repos\cg\hw1\hw1\x64\debug\hw1.tlog\cl.items.tlog
c:\users\user\source\repos\cg\hw1\hw1\x64\debug\hw1.tlog\cl.read.1.tlog
c:\users\user\source\repos\cg\hw1\hw1\x64\debug\hw1.tlog\cl.write.1.tlog
c:\users\user\source\repos\cg\hw1\hw1\x64\debug\hw1.tlog\link.9080-cvtres.read.1.tlog
c:\users\user\source\repos\cg\hw1\hw1\x64\debug\hw1.tlog\link.9080-cvtres.write.1.tlog
c:\users\user\source\repos\cg\hw1\hw1\x64\debug\hw1.tlog\link.9080-rc.read.1.tlog
c:\users\user\source\repos\cg\hw1\hw1\x64\debug\hw1.tlog\link.9080-rc.write.1.tlog
c:\users\user\source\repos\cg\hw1\hw1\x64\debug\hw1.tlog\link.9080.read.1.tlog
c:\users\user\source\repos\cg\hw1\hw1\x64\debug\hw1.tlog\link.9080.read.2.tlog
c:\users\user\source\repos\cg\hw1\hw1\x64\debug\hw1.tlog\link.9080.read.3.tlog
c:\users\user\source\repos\cg\hw1\hw1\x64\debug\hw1.tlog\link.9080.read.4.tlog
c:\users\user\source\repos\cg\hw1\hw1\x64\debug\hw1.tlog\link.9080.write.1.tlog
c:\users\user\source\repos\cg\hw1\hw1\x64\debug\hw1.tlog\link.command.1.tlog
c:\users\user\source\repos\cg\hw1\hw1\x64\debug\hw1.tlog\link.read.1.tlog
c:\users\user\source\repos\cg\hw1\hw1\x64\debug\hw1.tlog\link.secondary.1.tlog
c:\users\user\source\repos\cg\hw1\hw1\x64\debug\hw1.tlog\link.write.1.tlog
